[12:14:58] [main/INFO]: Environment: authHost='https://authserver.mojang.com', accountsHost='https://api.mojang.com', sessionHost='https://sessionserver.mojang.com', servicesHost='https://api.minecraftservices.com', name='PROD'
[12:14:58] [main/WARN]: Ambiguity between arguments [teleport, location] and [teleport, destination] with inputs: [0.1 -0.5 .9, 0 0 0]
[12:14:58] [main/WARN]: Ambiguity between arguments [teleport, location] and [teleport, targets] with inputs: [0.1 -0.5 .9, 0 0 0]
[12:14:58] [main/WARN]: Ambiguity between arguments [teleport, destination] and [teleport, targets] with inputs: [Player, 0123, @e, dd12be42-52a9-4a91-a8a1-11c01849e498]
[12:14:58] [main/WARN]: Ambiguity between arguments [teleport, targets] and [teleport, destination] with inputs: [Player, 0123, dd12be42-52a9-4a91-a8a1-11c01849e498]
[12:14:58] [main/WARN]: Ambiguity between arguments [teleport, targets, location] and [teleport, targets, destination] with inputs: [0.1 -0.5 .9, 0 0 0]
[12:14:58] [main/INFO]: Reloading ResourceManager: Default
[12:15:01] [Worker-Main-2/INFO]: Loaded 7 recipes
[12:15:02] [Worker-Main-2/INFO]: Loaded 1137 advancements
[12:15:05] [Server thread/INFO]: Starting minecraft server version 1.17.1
[12:15:05] [Server thread/INFO]: Loading properties
[12:15:05] [Server thread/INFO]: Default game type: SURVIVAL
[12:15:05] [Server thread/INFO]: Generating keypair
[12:15:05] [Server thread/INFO]: Starting Minecraft server on *:25565
[12:15:05] [Server thread/INFO]: Using epoll channel type
[12:15:06] [Server thread/WARN]: **** SERVER IS RUNNING IN OFFLINE/INSECURE MODE!
[12:15:06] [Server thread/WARN]: The server will make no attempt to authenticate usernames. Beware.
[12:15:06] [Server thread/WARN]: While this makes the game possible to play without internet access, it also opens up the ability for hackers to connect with any username they choose.
[12:15:06] [Server thread/WARN]: To change this, set "online-mode" to "true" in the server.properties file.
[12:15:06] [Server thread/INFO]: Preparing level "world"
[12:15:17] [Server thread/INFO]: Preparing start region for dimension minecraft:overworld
[12:15:18] [Worker-Main-2/INFO]: Preparing spawn area: 0%
[12:15:18] [Worker-Main-2/INFO]: Preparing spawn area: 0%
[12:15:18] [Worker-Main-2/INFO]: Preparing spawn area: 0%
[12:15:19] [Worker-Main-2/INFO]: Preparing spawn area: 0%
[12:15:20] [Worker-Main-2/INFO]: Preparing spawn area: 0%
[12:15:20] [Worker-Main-2/INFO]: Preparing spawn area: 0%
[12:15:20] [Worker-Main-2/INFO]: Preparing spawn area: 0%
[12:15:21] [Worker-Main-2/INFO]: Preparing spawn area: 0%
[12:15:21] [Worker-Main-2/INFO]: Preparing spawn area: 0%
[12:15:22] [Worker-Main-2/INFO]: Preparing spawn area: 0%
[12:15:22] [Worker-Main-2/INFO]: Preparing spawn area: 0%
[12:15:23] [Worker-Main-2/INFO]: Preparing spawn area: 0%
[12:15:23] [Worker-Main-2/INFO]: Preparing spawn area: 0%
[12:15:24] [Worker-Main-2/INFO]: Preparing spawn area: 0%
[12:15:24] [Worker-Main-2/INFO]: Preparing spawn area: 0%
[12:15:25] [Worker-Main-2/INFO]: Preparing spawn area: 0%
[12:15:25] [Worker-Main-2/INFO]: Preparing spawn area: 0%
[12:15:26] [Worker-Main-2/INFO]: Preparing spawn area: 0%
[12:15:26] [Worker-Main-2/INFO]: Preparing spawn area: 0%
[12:15:27] [Worker-Main-2/INFO]: Preparing spawn area: 0%
[12:15:27] [Worker-Main-2/INFO]: Preparing spawn area: 0%
[12:15:28] [Worker-Main-2/INFO]: Preparing spawn area: 0%
[12:15:28] [Worker-Main-2/INFO]: Preparing spawn area: 0%
[12:15:29] [Worker-Main-2/INFO]: Preparing spawn area: 0%
[12:15:29] [Worker-Main-2/INFO]: Preparing spawn area: 0%
[12:15:30] [Worker-Main-2/INFO]: Preparing spawn area: 0%
[12:15:30] [Worker-Main-2/INFO]: Preparing spawn area: 0%
[12:15:31] [Worker-Main-2/INFO]: Preparing spawn area: 0%
[12:15:31] [Worker-Main-2/INFO]: Preparing spawn area: 0%
[12:15:32] [Worker-Main-2/INFO]: Preparing spawn area: 0%
[12:15:32] [Worker-Main-2/INFO]: Preparing spawn area: 0%
[12:15:33] [Worker-Main-2/INFO]: Preparing spawn area: 0%
[12:15:33] [Worker-Main-2/INFO]: Preparing spawn area: 0%
[12:15:34] [Worker-Main-2/INFO]: Preparing spawn area: 0%
[12:15:34] [Worker-Main-2/INFO]: Preparing spawn area: 0%
[12:15:35] [Worker-Main-2/INFO]: Preparing spawn area: 0%
[12:15:35] [Worker-Main-2/INFO]: Preparing spawn area: 0%
[12:15:36] [Worker-Main-2/INFO]: Preparing spawn area: 0%
[12:15:36] [Worker-Main-2/INFO]: Preparing spawn area: 0%
[12:15:37] [Worker-Main-2/INFO]: Preparing spawn area: 0%
[12:15:37] [Worker-Main-2/INFO]: Preparing spawn area: 0%
[12:15:38] [Worker-Main-2/INFO]: Preparing spawn area: 0%
[12:15:38] [Worker-Main-2/INFO]: Preparing spawn area: 0%
[12:15:39] [Worker-Main-2/INFO]: Preparing spawn area: 0%
[12:15:39] [Worker-Main-2/INFO]: Preparing spawn area: 0%
[12:15:40] [Worker-Main-2/INFO]: Preparing spawn area: 0%
[12:15:40] [Worker-Main-2/INFO]: Preparing spawn area: 0%
[12:15:41] [Worker-Main-8/INFO]: Preparing spawn area: 0%
[12:15:41] [Worker-Main-8/INFO]: Preparing spawn area: 0%
[12:15:42] [Worker-Main-8/INFO]: Preparing spawn area: 1%
[12:15:42] [Worker-Main-8/INFO]: Preparing spawn area: 1%
[12:15:43] [Worker-Main-8/INFO]: Preparing spawn area: 1%
[12:15:44] [Worker-Main-8/INFO]: Preparing spawn area: 1%
[12:15:44] [Worker-Main-8/INFO]: Preparing spawn area: 1%
[12:15:44] [Worker-Main-8/INFO]: Preparing spawn area: 1%
[12:15:45] [Worker-Main-8/INFO]: Preparing spawn area: 4%
[12:15:45] [Worker-Main-2/INFO]: Preparing spawn area: 5%
[12:15:46] [Worker-Main-8/INFO]: Preparing spawn area: 7%
[12:15:46] [Worker-Main-8/INFO]: Preparing spawn area: 7%
[12:15:47] [Worker-Main-8/INFO]: Preparing spawn area: 7%
[12:15:47] [Worker-Main-8/INFO]: Preparing spawn area: 10%
[12:15:48] [Worker-Main-8/INFO]: Preparing spawn area: 11%
[12:15:49] [Worker-Main-8/INFO]: Preparing spawn area: 13%
[12:15:49] [Worker-Main-8/INFO]: Preparing spawn area: 13%
[12:15:49] [Worker-Main-8/INFO]: Preparing spawn area: 15%
[12:15:50] [Worker-Main-8/INFO]: Preparing spawn area: 16%
[12:15:51] [Worker-Main-8/INFO]: Preparing spawn area: 17%
[12:15:51] [Worker-Main-8/INFO]: Preparing spawn area: 17%
[12:15:51] [Worker-Main-8/INFO]: Preparing spawn area: 20%
[12:15:52] [Worker-Main-8/INFO]: Preparing spawn area: 21%
[12:15:52] [Worker-Main-8/INFO]: Preparing spawn area: 23%
[12:15:53] [Worker-Main-8/INFO]: Preparing spawn area: 24%
[12:15:53] [Worker-Main-8/INFO]: Preparing spawn area: 26%
[12:15:54] [Worker-Main-8/INFO]: Preparing spawn area: 27%
[12:15:56] [Worker-Main-8/INFO]: Preparing spawn area: 28%
[12:15:56] [Worker-Main-8/INFO]: Preparing spawn area: 28%
[12:15:56] [Worker-Main-8/INFO]: Preparing spawn area: 28%
[12:15:57] [Worker-Main-8/INFO]: Preparing spawn area: 32%
[12:15:57] [Worker-Main-8/INFO]: Preparing spawn area: 32%
[12:15:57] [Worker-Main-8/INFO]: Preparing spawn area: 32%
[12:15:57] [Worker-Main-8/INFO]: Preparing spawn area: 32%
[12:15:58] [Worker-Main-8/INFO]: Preparing spawn area: 38%
[12:15:58] [Worker-Main-8/INFO]: Preparing spawn area: 38%
[12:15:59] [Worker-Main-8/INFO]: Preparing spawn area: 42%
[12:15:59] [Worker-Main-8/INFO]: Preparing spawn area: 43%
[12:16:00] [Worker-Main-8/INFO]: Preparing spawn area: 44%
[12:16:00] [Worker-Main-8/INFO]: Preparing spawn area: 46%
[12:16:01] [Worker-Main-8/INFO]: Preparing spawn area: 46%
[12:16:01] [Worker-Main-8/INFO]: Preparing spawn area: 48%
[12:16:02] [Worker-Main-8/INFO]: Preparing spawn area: 49%
[12:16:03] [Worker-Main-8/INFO]: Preparing spawn area: 53%
[12:16:03] [Worker-Main-8/INFO]: Preparing spawn area: 56%
[12:16:03] [Worker-Main-8/INFO]: Preparing spawn area: 57%
[12:16:05] [Worker-Main-8/INFO]: Preparing spawn area: 58%
[12:16:05] [Worker-Main-8/INFO]: Preparing spawn area: 58%
[12:16:05] [Worker-Main-8/INFO]: Preparing spawn area: 62%
[12:16:05] [Worker-Main-8/INFO]: Preparing spawn area: 65%
[12:16:06] [Worker-Main-8/INFO]: Preparing spawn area: 67%
[12:16:06] [Worker-Main-8/INFO]: Preparing spawn area: 68%
[12:16:07] [Worker-Main-8/INFO]: Preparing spawn area: 70%
[12:16:07] [Worker-Main-8/INFO]: Preparing spawn area: 71%
[12:16:08] [Worker-Main-8/INFO]: Preparing spawn area: 75%
[12:16:09] [Worker-Main-8/INFO]: Preparing spawn area: 77%
[12:16:10] [Worker-Main-8/INFO]: Preparing spawn area: 79%
[12:16:10] [Worker-Main-8/INFO]: Preparing spawn area: 79%
[12:16:10] [Worker-Main-8/INFO]: Preparing spawn area: 79%
[12:16:10] [Worker-Main-8/INFO]: Preparing spawn area: 84%
[12:16:11] [Worker-Main-8/INFO]: Preparing spawn area: 88%
[12:16:11] [Worker-Main-8/INFO]: Preparing spawn area: 90%
[12:16:12] [Worker-Main-8/INFO]: Preparing spawn area: 91%
[12:16:12] [Worker-Main-8/INFO]: Preparing spawn area: 91%
[12:16:13] [Worker-Main-8/INFO]: Preparing spawn area: 92%
[12:16:13] [Worker-Main-8/INFO]: Preparing spawn area: 93%
[12:16:14] [Worker-Main-8/INFO]: Preparing spawn area: 93%
[12:16:14] [Worker-Main-8/INFO]: Preparing spawn area: 96%
[12:16:15] [Worker-Main-8/INFO]: Preparing spawn area: 97%
[12:16:15] [Worker-Main-8/INFO]: Preparing spawn area: 98%
[12:16:16] [Server thread/INFO]: Time elapsed: 58846 ms
[12:16:16] [Server thread/INFO]: Done (70.575s)! For help, type "help"
[12:16:19] [Server thread/WARN]: Can't keep up! Is the server overloaded? Running 2087ms or 41 ticks behind
